// Jest Snapshot v1, https://goo.gl/fbAQLP

exports[`renders HeaderMolecule unchanged 1`] = `
<div>
  <header
    class="header"
  >
    <h1>
      Rock Paper Scissors Lizard Spock
    </h1>
  </header>
</div>
`;
